<?xml version="1.0" encoding="UTF-8"?>
<testsuites name="jest tests" tests="13" failures="0" errors="0" time="1.861">
  <testsuite name="Home" errors="0" failures="0" skipped="0" timestamp="2021-05-21T10:46:35" time="1.069" tests="3">
    <testcase classname="Home renders Home Page without crashing" name="Home renders Home Page without crashing" time="0.072">
    </testcase>
    <testcase classname="signup renders Sign Up Page without crashing" name="signup renders Sign Up Page without crashing" time="0.011">
    </testcase>
    <testcase classname="Login types in username correctly" name="Login types in username correctly" time="0.005">
    </testcase>
  </testsuite>
  <testsuite name="Login" errors="0" failures="0" skipped="0" timestamp="2021-05-21T10:46:35" time="1.151" tests="4">
    <testcase classname="Login renders login screen without crash" name="Login renders login screen without crash" time="0.023">
    </testcase>
    <testcase classname="Login types in email correctly" name="Login types in email correctly" time="0.017">
    </testcase>
    <testcase classname="Login types in password correctly" name="Login types in password correctly" time="0.007">
    </testcase>
    <testcase classname="Login logs in successfully and routes to dashboard" name="Login logs in successfully and routes to dashboard" time="0.033">
    </testcase>
  </testsuite>
  <testsuite name="signup" errors="0" failures="0" skipped="0" timestamp="2021-05-21T10:46:35" time="1.202" tests="6">
    <testcase classname="signup renders signup screen without crash" name="signup renders signup screen without crash" time="0.025">
    </testcase>
    <testcase classname="signup types in name correctly" name="signup types in name correctly" time="0.018">
    </testcase>
    <testcase classname="signup types in age correctly" name="signup types in age correctly" time="0.01">
    </testcase>
    <testcase classname="signup types in email correctly" name="signup types in email correctly" time="0.009">
    </testcase>
    <testcase classname="signup types in password correctly" name="signup types in password correctly" time="0.01">
    </testcase>
    <testcase classname="signup successfully signs up and routes to dashboard" name="signup successfully signs up and routes to dashboard" time="0.05">
    </testcase>
  </testsuite>
</testsuites>